Archive member included to satisfy reference by file (symbol)

/home/go/.eclipse/org.eclipse.platform_4.26.0_139061331_linux_gtk_x86_64/plugins/com.st.stm32cube.ide.mcu.externaltools.gnu-tools-for-stm32.11.3.rel1.linux64_1.1.1.202309131626/tools/bin/../lib/gcc/arm-none-eabi/11.3.1/../../../../arm-none-eabi/lib/thumb/v7e-m+fp/hard/libc_nano.a(libc_a-exit.o)
                              /home/go/.eclipse/org.eclipse.platform_4.26.0_139061331_linux_gtk_x86_64/plugins/com.st.stm32cube.ide.mcu.externaltools.gnu-tools-for-stm32.11.3.rel1.linux64_1.1.1.202309131626/tools/bin/../lib/gcc/arm-none-eabi/11.3.1/../../../../arm-none-eabi/lib/thumb/v7e-m+fp/hard/crt0.o (exit)
/home/go/.eclipse/org.eclipse.platform_4.26.0_139061331_linux_gtk_x86_64/plugins/com.st.stm32cube.ide.mcu.externaltools.gnu-tools-for-stm32.11.3.rel1.linux64_1.1.1.202309131626/tools/bin/../lib/gcc/arm-none-eabi/11.3.1/../../../../arm-none-eabi/lib/thumb/v7e-m+fp/hard/libc_nano.a(libc_a-findfp.o)
                              /home/go/.eclipse/org.eclipse.platform_4.26.0_139061331_linux_gtk_x86_64/plugins/com.st.stm32cube.ide.mcu.externaltools.gnu-tools-for-stm32.11.3.rel1.linux64_1.1.1.202309131626/tools/bin/../lib/gcc/arm-none-eabi/11.3.1/../../../../arm-none-eabi/lib/thumb/v7e-m+fp/hard/libc_nano.a(libc_a-exit.o) (__stdio_exit_handler)
/home/go/.eclipse/org.eclipse.platform_4.26.0_139061331_linux_gtk_x86_64/plugins/com.st.stm32cube.ide.mcu.externaltools.gnu-tools-for-stm32.11.3.rel1.linux64_1.1.1.202309131626/tools/bin/../lib/gcc/arm-none-eabi/11.3.1/../../../../arm-none-eabi/lib/thumb/v7e-m+fp/hard/libc_nano.a(libc_a-fwalk.o)
                              /home/go/.eclipse/org.eclipse.platform_4.26.0_139061331_linux_gtk_x86_64/plugins/com.st.stm32cube.ide.mcu.externaltools.gnu-tools-for-stm32.11.3.rel1.linux64_1.1.1.202309131626/tools/bin/../lib/gcc/arm-none-eabi/11.3.1/../../../../arm-none-eabi/lib/thumb/v7e-m+fp/hard/libc_nano.a(libc_a-findfp.o) (_fwalk_sglue)
/home/go/.eclipse/org.eclipse.platform_4.26.0_139061331_linux_gtk_x86_64/plugins/com.st.stm32cube.ide.mcu.externaltools.gnu-tools-for-stm32.11.3.rel1.linux64_1.1.1.202309131626/tools/bin/../lib/gcc/arm-none-eabi/11.3.1/../../../../arm-none-eabi/lib/thumb/v7e-m+fp/hard/libc_nano.a(libc_a-stdio.o)
                              /home/go/.eclipse/org.eclipse.platform_4.26.0_139061331_linux_gtk_x86_64/plugins/com.st.stm32cube.ide.mcu.externaltools.gnu-tools-for-stm32.11.3.rel1.linux64_1.1.1.202309131626/tools/bin/../lib/gcc/arm-none-eabi/11.3.1/../../../../arm-none-eabi/lib/thumb/v7e-m+fp/hard/libc_nano.a(libc_a-findfp.o) (__sread)
/home/go/.eclipse/org.eclipse.platform_4.26.0_139061331_linux_gtk_x86_64/plugins/com.st.stm32cube.ide.mcu.externaltools.gnu-tools-for-stm32.11.3.rel1.linux64_1.1.1.202309131626/tools/bin/../lib/gcc/arm-none-eabi/11.3.1/../../../../arm-none-eabi/lib/thumb/v7e-m+fp/hard/libc_nano.a(libc_a-memset.o)
                              /home/go/.eclipse/org.eclipse.platform_4.26.0_139061331_linux_gtk_x86_64/plugins/com.st.stm32cube.ide.mcu.externaltools.gnu-tools-for-stm32.11.3.rel1.linux64_1.1.1.202309131626/tools/bin/../lib/gcc/arm-none-eabi/11.3.1/../../../../arm-none-eabi/lib/thumb/v7e-m+fp/hard/crt0.o (memset)
/home/go/.eclipse/org.eclipse.platform_4.26.0_139061331_linux_gtk_x86_64/plugins/com.st.stm32cube.ide.mcu.externaltools.gnu-tools-for-stm32.11.3.rel1.linux64_1.1.1.202309131626/tools/bin/../lib/gcc/arm-none-eabi/11.3.1/../../../../arm-none-eabi/lib/thumb/v7e-m+fp/hard/libc_nano.a(libc_a-closer.o)
                              /home/go/.eclipse/org.eclipse.platform_4.26.0_139061331_linux_gtk_x86_64/plugins/com.st.stm32cube.ide.mcu.externaltools.gnu-tools-for-stm32.11.3.rel1.linux64_1.1.1.202309131626/tools/bin/../lib/gcc/arm-none-eabi/11.3.1/../../../../arm-none-eabi/lib/thumb/v7e-m+fp/hard/libc_nano.a(libc_a-stdio.o) (_close_r)
/home/go/.eclipse/org.eclipse.platform_4.26.0_139061331_linux_gtk_x86_64/plugins/com.st.stm32cube.ide.mcu.externaltools.gnu-tools-for-stm32.11.3.rel1.linux64_1.1.1.202309131626/tools/bin/../lib/gcc/arm-none-eabi/11.3.1/../../../../arm-none-eabi/lib/thumb/v7e-m+fp/hard/libc_nano.a(libc_a-reent.o)
                              /home/go/.eclipse/org.eclipse.platform_4.26.0_139061331_linux_gtk_x86_64/plugins/com.st.stm32cube.ide.mcu.externaltools.gnu-tools-for-stm32.11.3.rel1.linux64_1.1.1.202309131626/tools/bin/../lib/gcc/arm-none-eabi/11.3.1/../../../../arm-none-eabi/lib/thumb/v7e-m+fp/hard/libc_nano.a(libc_a-closer.o) (errno)
/home/go/.eclipse/org.eclipse.platform_4.26.0_139061331_linux_gtk_x86_64/plugins/com.st.stm32cube.ide.mcu.externaltools.gnu-tools-for-stm32.11.3.rel1.linux64_1.1.1.202309131626/tools/bin/../lib/gcc/arm-none-eabi/11.3.1/../../../../arm-none-eabi/lib/thumb/v7e-m+fp/hard/libc_nano.a(libc_a-impure.o)
[...]
Memory Configuration

Name             Origin             Length             Attributes
CCMRAM           0x0000000010000000 0x0000000000010000 xrw
RAM              0x0000000020000000 0x0000000000020000 xrw
FLASH            0x0000000008000000 0x0000000000100000 xr
*default*        0x0000000000000000 0xffffffffffffffff

Linker script and memory map

LOAD /home/go/.eclipse/org.eclipse.platform_4.26.0_139061331_linux_gtk_x86_64/plugins/com.st.stm32cube.ide.mcu.externaltools.gnu-tools-for-stm32.11.3.rel1.linux64_1.1.1.202309131626/tools/bin/../lib/gcc/arm-none-eabi/11.3.1/thumb/v7e-m+fp/hard/crti.o
LOAD /home/go/.eclipse/org.eclipse.platform_4.26.0_139061331_linux_gtk_x86_64/plugins/com.st.stm32cube.ide.mcu.externaltools.gnu-tools-for-stm32.11.3.rel1.linux64_1.1.1.202309131626/tools/bin/../lib/gcc/arm-none-eabi/11.3.1/thumb/v7e-m+fp/hard/crtbegin.o
LOAD /home/go/.eclipse/org.eclipse.platform_4.26.0_139061331_linux_gtk_x86_64/plugins/com.st.stm32cube.ide.mcu.externaltools.gnu-tools-for-stm32.11.3.rel1.linux64_1.1.1.202309131626/tools/bin/../lib/gcc/arm-none-eabi/11.3.1/../../../../arm-none-eabi/lib/thumb/v7e-m+fp/hard/crt0.o
LOAD ./Core/Src/dma.o
LOAD ./Core/Src/gpio.o
LOAD ./Core/Src/main.o
LOAD ./Core/Src/stm32f4xx_hal_msp.o
LOAD ./Core/Src/stm32f4xx_it.o
LOAD ./Core/Src/syscalls.o
LOAD ./Core/Src/sysmem.o
LOAD ./Core/Src/system_stm32f4xx.o
LOAD ./Core/Src/usart.o
LOAD ./Core/Startup/startup_stm32f407vgtx.o
LOAD ./Drivers/STM32F4xx_HAL_Driver/Src/stm32f4xx_hal.o
LOAD ./Drivers/STM32F4xx_HAL_Driver/Src/stm32f4xx_hal_cortex.o
LOAD ./Drivers/STM32F4xx_HAL_Driver/Src/stm32f4xx_hal_dma.o
LOAD ./Drivers/STM32F4xx_HAL_Driver/Src/stm32f4xx_hal_dma_ex.o
LOAD ./Drivers/STM32F4xx_HAL_Driver/Src/stm32f4xx_hal_exti.o
LOAD ./Drivers/STM32F4xx_HAL_Driver/Src/stm32f4xx_hal_flash.o
LOAD ./Drivers/STM32F4xx_HAL_Driver/Src/stm32f4xx_hal_flash_ex.o
LOAD ./Drivers/STM32F4xx_HAL_Driver/Src/stm32f4xx_hal_flash_ramfunc.o
LOAD ./Drivers/STM32F4xx_HAL_Driver/Src/stm32f4xx_hal_gpio.o
LOAD ./Drivers/STM32F4xx_HAL_Driver/Src/stm32f4xx_hal_pwr.o
LOAD ./Drivers/STM32F4xx_HAL_Driver/Src/stm32f4xx_hal_pwr_ex.o
LOAD ./Drivers/STM32F4xx_HAL_Driver/Src/stm32f4xx_hal_rcc.o
LOAD ./Drivers/STM32F4xx_HAL_Driver/Src/stm32f4xx_hal_rcc_ex.o
LOAD ./Drivers/STM32F4xx_HAL_Driver/Src/stm32f4xx_hal_tim.o
LOAD ./Drivers/STM32F4xx_HAL_Driver/Src/stm32f4xx_hal_tim_ex.o
LOAD ./Drivers/STM32F4xx_HAL_Driver/Src/stm32f4xx_hal_uart.o
START GROUP
LOAD /home/go/.eclipse/org.eclipse.platform_4.26.0_139061331_linux_gtk_x86_64/plugins/com.st.stm32cube.ide.mcu.externaltools.gnu-tools-for-stm32.11.3.rel1.linux64_1.1.1.202309131626/tools/bin/../lib/gcc/arm-none-eabi/11.3.1/../../../../arm-none-eabi/lib/thumb/v7e-m+fp/hard/libc_nano.a
LOAD /home/go/.eclipse/org.eclipse.platform_4.26.0_139061331_linux_gtk_x86_64/plugins/com.st.stm32cube.ide.mcu.externaltools.gnu-tools-for-stm32.11.3.rel1.linux64_1.1.1.202309131626/tools/bin/../lib/gcc/arm-none-eabi/11.3.1/../../../../arm-none-eabi/lib/thumb/v7e-m+fp/hard/libm.a
END GROUP
START GROUP
LOAD /home/go/.eclipse/org.eclipse.platform_4.26.0_139061331_linux_gtk_x86_64/plugins/com.st.stm32cube.ide.mcu.externaltools.gnu-tools-for-stm32.11.3.rel1.linux64_1.1.1.202309131626/tools/bin/../lib/gcc/arm-none-eabi/11.3.1/thumb/v7e-m+fp/hard/libgcc.a
LOAD /home/go/.eclipse/org.eclipse.platform_4.26.0_139061331_linux_gtk_x86_64/plugins/com.st.stm32cube.ide.mcu.externaltools.gnu-tools-for-stm32.11.3.rel1.linux64_1.1.1.202309131626/tools/bin/../lib/gcc/arm-none-eabi/11.3.1/../../../../arm-none-eabi/lib/thumb/v7e-m+fp/hard/libc_nano.a
END GROUP
START GROUP
LOAD /home/go/.eclipse/org.eclipse.platform_4.26.0_139061331_linux_gtk_x86_64/plugins/com.st.stm32cube.ide.mcu.externaltools.gnu-tools-for-stm32.11.3.rel1.linux64_1.1.1.202309131626/tools/bin/../lib/gcc/arm-none-eabi/11.3.1/thumb/v7e-m+fp/hard/libgcc.a
LOAD /home/go/.eclipse/org.eclipse.platform_4.26.0_139061331_linux_gtk_x86_64/plugins/com.st.stm32cube.ide.mcu.externaltools.gnu-tools-for-stm32.11.3.rel1.linux64_1.1.1.202309131626/tools/bin/../lib/gcc/arm-none-eabi/11.3.1/../../../../arm-none-eabi/lib/thumb/v7e-m+fp/hard/libc_nano.a
LOAD /home/go/.eclipse/org.eclipse.platform_4.26.0_139061331_linux_gtk_x86_64/plugins/com.st.stm32cube.ide.mcu.externaltools.gnu-tools-for-stm32.11.3.rel1.linux64_1.1.1.202309131626/tools/bin/../lib/gcc/arm-none-eabi/11.3.1/../../../../arm-none-eabi/lib/thumb/v7e-m+fp/hard/libnosys.a
END GROUP
START GROUP
LOAD /home/go/.eclipse/org.eclipse.platform_4.26.0_139061331_linux_gtk_x86_64/plugins/com.st.stm32cube.ide.mcu.externaltools.gnu-tools-for-stm32.11.3.rel1.linux64_1.1.1.202309131626/tools/bin/../lib/gcc/arm-none-eabi/11.3.1/thumb/v7e-m+fp/hard/libgcc.a
LOAD /home/go/.eclipse/org.eclipse.platform_4.26.0_139061331_linux_gtk_x86_64/plugins/com.st.stm32cube.ide.mcu.externaltools.gnu-tools-for-stm32.11.3.rel1.linux64_1.1.1.202309131626/tools/bin/../lib/gcc/arm-none-eabi/11.3.1/../../../../arm-none-eabi/lib/thumb/v7e-m+fp/hard/libc_nano.a
LOAD /home/go/.eclipse/org.eclipse.platform_4.26.0_139061331_linux_gtk_x86_64/plugins/com.st.stm32cube.ide.mcu.externaltools.gnu-tools-for-stm32.11.3.rel1.linux64_1.1.1.202309131626/tools/bin/../lib/gcc/arm-none-eabi/11.3.1/../../../../arm-none-eabi/lib/thumb/v7e-m+fp/hard/libnosys.a
END GROUP
LOAD /home/go/.eclipse/org.eclipse.platform_4.26.0_139061331_linux_gtk_x86_64/plugins/com.st.stm32cube.ide.mcu.externaltools.gnu-tools-for-stm32.11.3.rel1.linux64_1.1.1.202309131626/tools/bin/../lib/gcc/arm-none-eabi/11.3.1/thumb/v7e-m+fp/hard/crtend.o
LOAD /home/go/.eclipse/org.eclipse.platform_4.26.0_139061331_linux_gtk_x86_64/plugins/com.st.stm32cube.ide.mcu.externaltools.gnu-tools-for-stm32.11.3.rel1.linux64_1.1.1.202309131626/tools/bin/../lib/gcc/arm-none-eabi/11.3.1/thumb/v7e-m+fp/hard/crtn.o
                0x0000000020020000                _estack = (ORIGIN (RAM) + LENGTH (RAM))
                0x0000000000000200                _Min_Heap_Size = 0x200
                0x0000000000000400                _Min_Stack_Size = 0x400

.isr_vector     0x0000000008000000      0x188
                0x0000000008000000                . = ALIGN (0x4)
 *(.isr_vector)
 .isr_vector    0x0000000008000000      0x188 ./Core/Startup/startup_stm32f407vgtx.o
                0x0000000008000000                g_pfnVectors
                0x0000000008000188                . = ALIGN (0x4)

.text           0x0000000008000188     0x1948
                0x0000000008000188                . = ALIGN (0x4)
 *(.text)
 .text          0x0000000008000188       0x40 /home/go/.eclipse/org.eclipse.platform_4.26.0_139061331_linux_gtk_x86_64/plugins/com.st.stm32cube.ide.mcu.externaltools.gnu-tools-for-stm32.11.3.rel1.linux64_1.1.1.202309131626/tools/bin/../lib/gcc/arm-none-eabi/11.3.1/thumb/v7e-m+fp/hard/crtbegin.o
 .text          0x00000000080001c8       0x30 /home/go/.eclipse/org.eclipse.platform_4.26.0_139061331_linux_gtk_x86_64/plugins/com.st.stm32cube.ide.mcu.externaltools.gnu-tools-for-stm32.11.3.rel1.linux64_1.1.1.202309131626/tools/bin/../lib/gcc/arm-none-eabi/11.3.1/thumb/v7e-m+fp/hard/libgcc.a(_aeabi_uldivmod.o)
                0x00000000080001c8                __aeabi_uldivmod
 .text          0x00000000080001f8      0x2c8 /home/go/.eclipse/org.eclipse.platform_4.26.0_139061331_linux_gtk_x86_64/plugins/com.st.stm32cube.ide.mcu.externaltools.gnu-tools-for-stm32.11.3.rel1.linux64_1.1.1.202309131626/tools/bin/../lib/gcc/arm-none-eabi/11.3.1/thumb/v7e-m+fp/hard/libgcc.a(_udivmoddi4.o)
                0x00000000080001f8                __udivmoddi4
 .text          0x00000000080004c0        0x4 /home/go/.eclipse/org.eclipse.platform_4.26.0_139061331_linux_gtk_x86_64/plugins/com.st.stm32cube.ide.mcu.externaltools.gnu-tools-for-stm32.11.3.rel1.linux64_1.1.1.202309131626/tools/bin/../lib/gcc/arm-none-eabi/11.3.1/thumb/v7e-m+fp/hard/libgcc.a(_dvmd_tls.o)
                0x00000000080004c0                __aeabi_ldiv0
                0x00000000080004c0                __aeabi_idiv0
 *(.text*)
 .text.MX_DMA_Init
                0x00000000080004c4       0x34 ./Core/Src/dma.o
                0x00000000080004c4                MX_DMA_Init
 .text.MX_GPIO_Init
                0x00000000080004f8       0x4c ./Core/Src/gpio.o
                0x00000000080004f8                MX_GPIO_Init
 .text.SystemClock_Config
                0x0000000008000544       0xa0 ./Core/Src/main.o
                0x0000000008000544                SystemClock_Config
 .text.startup.main
                0x00000000080005e4       0x6c ./Core/Src/main.o
                0x00000000080005e4                main
 .text.HAL_UART_TxCpltCallback
                0x0000000008000650        0x2 ./Core/Src/main.o
                0x0000000008000650                HAL_UART_TxCpltCallback
 *fill*         0x0000000008000652        0x2 
 .text.HAL_UART_RxCpltCallback
                0x0000000008000654       0x78 ./Core/Src/main.o
                0x0000000008000654                HAL_UART_RxCpltCallback
 .text.Error_Handler
                0x00000000080006cc        0x4 ./Core/Src/main.o
                0x00000000080006cc                Error_Handler
 .text.HAL_MspInit
                0x00000000080006d0       0x38 ./Core/Src/stm32f4xx_hal_msp.o
                0x00000000080006d0                HAL_MspInit
 .text.NMI_Handler
                0x0000000008000708        0x2 ./Core/Src/stm32f4xx_it.o
                0x0000000008000708                NMI_Handler
 .text.HardFault_Handler
                0x000000000800070a        0x2 ./Core/Src/stm32f4xx_it.o
                0x000000000800070a                HardFault_Handler
 .text.MemManage_Handler
                0x000000000800070c        0x2 ./Core/Src/stm32f4xx_it.o
                0x000000000800070c                MemManage_Handler
 .text.BusFault_Handler
                0x000000000800070e        0x2 ./Core/Src/stm32f4xx_it.o
                0x000000000800070e                BusFault_Handler
 .text.UsageFault_Handler
                0x0000000008000710        0x2 ./Core/Src/stm32f4xx_it.o
                0x0000000008000710                UsageFault_Handler
 .text.SVC_Handler
                0x0000000008000712        0x2 ./Core/Src/stm32f4xx_it.o
                0x0000000008000712                SVC_Handler
 .text.DebugMon_Handler
                0x0000000008000714        0x2 ./Core/Src/stm32f4xx_it.o
                0x0000000008000714                DebugMon_Handler
 .text.PendSV_Handler
                0x0000000008000716        0x2 ./Core/Src/stm32f4xx_it.o
                0x0000000008000716                PendSV_Handler
 .text.SysTick_Handler
                0x0000000008000718        0x4 ./Core/Src/stm32f4xx_it.o
                0x0000000008000718                SysTick_Handler
 .text.DMA1_Stream5_IRQHandler
                0x000000000800071c        0xc ./Core/Src/stm32f4xx_it.o
                0x000000000800071c                DMA1_Stream5_IRQHandler
 .text.USART2_IRQHandler
                0x0000000008000728        0xc ./Core/Src/stm32f4xx_it.o
                0x0000000008000728                USART2_IRQHandler
 .text.USART6_IRQHandler
                0x0000000008000734        0xc ./Core/Src/stm32f4xx_it.o
                0x0000000008000734                USART6_IRQHandler
 .text.SystemInit
                0x0000000008000740       0x14 ./Core/Src/system_stm32f4xx.o
                0x0000000008000740                SystemInit
 .text.MX_USART2_UART_Init
                0x0000000008000754       0x3c ./Core/Src/usart.o
                0x0000000008000754                MX_USART2_UART_Init
 .text.MX_USART6_UART_Init
                0x0000000008000790       0x38 ./Core/Src/usart.o
                0x0000000008000790                MX_USART6_UART_Init
 .text.HAL_UART_MspInit
                0x00000000080007c8      0x11c ./Core/Src/usart.o
                0x00000000080007c8                HAL_UART_MspInit
 .text.Reset_Handler
                0x00000000080008e4       0x50 ./Core/Startup/startup_stm32f407vgtx.o
                0x00000000080008e4                Reset_Handler
 .text.Default_Handler
                0x0000000008000934        0x2 ./Core/Startup/startup_stm32f407vgtx.o
                0x0000000008000934                RTC_Alarm_IRQHandler
                0x0000000008000934                HASH_RNG_IRQHandler
                0x0000000008000934                EXTI2_IRQHandler
                0x0000000008000934                TIM8_CC_IRQHandler
                0x0000000008000934                TIM1_CC_IRQHandler
                0x0000000008000934                DMA2_Stream5_IRQHandler
                0x0000000008000934                PVD_IRQHandler
                0x0000000008000934                SDIO_IRQHandler
                0x0000000008000934                TAMP_STAMP_IRQHandler
                0x0000000008000934                CAN2_RX1_IRQHandler
                0x0000000008000934                EXTI3_IRQHandler
                0x0000000008000934                TIM8_TRG_COM_TIM14_IRQHandler
                0x0000000008000934                TIM1_UP_TIM10_IRQHandler
                0x0000000008000934                TIM8_UP_TIM13_IRQHandler
                0x0000000008000934                I2C3_ER_IRQHandler
                0x0000000008000934                EXTI0_IRQHandler
                0x0000000008000934                I2C2_EV_IRQHandler
                0x0000000008000934                DMA1_Stream2_IRQHandler
                0x0000000008000934                CAN1_RX0_IRQHandler
                0x0000000008000934                FPU_IRQHandler
                0x0000000008000934                OTG_HS_WKUP_IRQHandler
                0x0000000008000934                CAN2_SCE_IRQHandler
                0x0000000008000934                DMA2_Stream2_IRQHandler
                0x0000000008000934                SPI1_IRQHandler
                0x0000000008000934                TIM6_DAC_IRQHandler
                0x0000000008000934                TIM1_BRK_TIM9_IRQHandler
                0x0000000008000934                DCMI_IRQHandler
                0x0000000008000934                CAN2_RX0_IRQHandler
                0x0000000008000934                DMA2_Stream3_IRQHandler
                0x0000000008000934                USART3_IRQHandler
                0x0000000008000934                CAN1_RX1_IRQHandler
                0x0000000008000934                UART5_IRQHandler
                0x0000000008000934                DMA2_Stream0_IRQHandler
                0x0000000008000934                TIM4_IRQHandler
                0x0000000008000934                I2C1_EV_IRQHandler
                0x0000000008000934                DMA1_Stream6_IRQHandler
                0x0000000008000934                DMA1_Stream1_IRQHandler
                0x0000000008000934                UART4_IRQHandler
                0x0000000008000934                TIM3_IRQHandler
                0x0000000008000934                RCC_IRQHandler
                0x0000000008000934                TIM8_BRK_TIM12_IRQHandler
                0x0000000008000934                Default_Handler
                0x0000000008000934                EXTI15_10_IRQHandler
                0x0000000008000934                ADC_IRQHandler
                0x0000000008000934                DMA1_Stream7_IRQHandler
                0x0000000008000934                TIM7_IRQHandler
                0x0000000008000934                CAN2_TX_IRQHandler
                0x0000000008000934                TIM5_IRQHandler
                0x0000000008000934                DMA2_Stream7_IRQHandler
                0x0000000008000934                I2C3_EV_IRQHandler
                0x0000000008000934                EXTI9_5_IRQHandler
                0x0000000008000934                RTC_WKUP_IRQHandler
                0x0000000008000934                ETH_WKUP_IRQHandler
                0x0000000008000934                SPI2_IRQHandler
                0x0000000008000934                OTG_HS_EP1_IN_IRQHandler
                0x0000000008000934                DMA1_Stream0_IRQHandler
                0x0000000008000934                CAN1_TX_IRQHandler
                0x0000000008000934                EXTI4_IRQHandler
                0x0000000008000934                FSMC_IRQHandler
                0x0000000008000934                ETH_IRQHandler
                0x0000000008000934                OTG_HS_EP1_OUT_IRQHandler
                0x0000000008000934                WWDG_IRQHandler
                0x0000000008000934                TIM2_IRQHandler
                0x0000000008000934                OTG_FS_WKUP_IRQHandler
                0x0000000008000934                TIM1_TRG_COM_TIM11_IRQHandler
                0x0000000008000934                OTG_HS_IRQHandler
                0x0000000008000934                EXTI1_IRQHandler
                0x0000000008000934                I2C2_ER_IRQHandler
                0x0000000008000934                DMA2_Stream1_IRQHandler
                0x0000000008000934                CAN1_SCE_IRQHandler
                0x0000000008000934                FLASH_IRQHandler
                0x0000000008000934                DMA2_Stream4_IRQHandler
                0x0000000008000934                USART1_IRQHandler
                0x0000000008000934                OTG_FS_IRQHandler
                0x0000000008000934                SPI3_IRQHandler
                0x0000000008000934                DMA1_Stream4_IRQHandler
                0x0000000008000934                I2C1_ER_IRQHandler
                0x0000000008000934                DMA2_Stream6_IRQHandler
                0x0000000008000934                DMA1_Stream3_IRQHandler
 *fill*         0x0000000008000936        0x2 
 .text.HAL_InitTick
                0x0000000008000938       0x48 ./Drivers/STM32F4xx_HAL_Driver/Src/stm32f4xx_hal.o
                0x0000000008000938                HAL_InitTick
 .text.HAL_Init
                0x0000000008000980       0x34 ./Drivers/STM32F4xx_HAL_Driver/Src/stm32f4xx_hal.o
                0x0000000008000980                HAL_Init
 .text.HAL_IncTick
                0x00000000080009b4       0x18 ./Drivers/STM32F4xx_HAL_Driver/Src/stm32f4xx_hal.o
                0x00000000080009b4                HAL_IncTick
 .text.HAL_GetTick
                0x00000000080009cc        0xc ./Drivers/STM32F4xx_HAL_Driver/Src/stm32f4xx_hal.o
                0x00000000080009cc                HAL_GetTick
 .text.HAL_Delay
                0x00000000080009d8       0x28 ./Drivers/STM32F4xx_HAL_Driver/Src/stm32f4xx_hal.o
                0x00000000080009d8                HAL_Delay
 .text.HAL_NVIC_SetPriorityGrouping
                0x0000000008000a00       0x24 ./Drivers/STM32F4xx_HAL_Driver/Src/stm32f4xx_hal_cortex.o
                0x0000000008000a00                HAL_NVIC_SetPriorityGrouping
 .text.HAL_NVIC_SetPriority
                0x0000000008000a24       0x64 ./Drivers/STM32F4xx_HAL_Driver/Src/stm32f4xx_hal_cortex.o
                0x0000000008000a24                HAL_NVIC_SetPriority
 .text.HAL_NVIC_EnableIRQ
                0x0000000008000a88       0x1c ./Drivers/STM32F4xx_HAL_Driver/Src/stm32f4xx_hal_cortex.o
                0x0000000008000a88                HAL_NVIC_EnableIRQ
 .text.HAL_SYSTICK_Config
                0x0000000008000aa4       0x28 ./Drivers/STM32F4xx_HAL_Driver/Src/stm32f4xx_hal_cortex.o
                0x0000000008000aa4                HAL_SYSTICK_Config
 .text.DMA_CalcBaseAndBitshift
                0x0000000008000acc       0x2c ./Drivers/STM32F4xx_HAL_Driver/Src/stm32f4xx_hal_dma.o
 .text.HAL_DMA_Init
                0x0000000008000af8       0xfc ./Drivers/STM32F4xx_HAL_Driver/Src/stm32f4xx_hal_dma.o
                0x0000000008000af8                HAL_DMA_Init
 .text.HAL_DMA_Abort
                0x0000000008000bf4       0x7e ./Drivers/STM32F4xx_HAL_Driver/Src/stm32f4xx_hal_dma.o
                0x0000000008000bf4                HAL_DMA_Abort
 .text.HAL_DMA_Abort_IT
                0x0000000008000c72       0x24 ./Drivers/STM32F4xx_HAL_Driver/Src/stm32f4xx_hal_dma.o
                0x0000000008000c72                HAL_DMA_Abort_IT
 *fill*         0x0000000008000c96        0x2 
 .text.HAL_DMA_IRQHandler
                0x0000000008000c98      0x17c ./Drivers/STM32F4xx_HAL_Driver/Src/stm32f4xx_hal_dma.o
                0x0000000008000c98                HAL_DMA_IRQHandler
 .text.HAL_GPIO_Init
                0x0000000008000e14      0x1b4 ./Drivers/STM32F4xx_HAL_Driver/Src/stm32f4xx_hal_gpio.o
                0x0000000008000e14                HAL_GPIO_Init
 .text.HAL_RCC_OscConfig
                0x0000000008000fc8      0x358 ./Drivers/STM32F4xx_HAL_Driver/Src/stm32f4xx_hal_rcc.o
                0x0000000008000fc8                HAL_RCC_OscConfig
 .text.HAL_RCC_GetSysClockFreq
                0x0000000008001320       0x5c ./Drivers/STM32F4xx_HAL_Driver/Src/stm32f4xx_hal_rcc.o
                0x0000000008001320                HAL_RCC_GetSysClockFreq
 .text.HAL_RCC_ClockConfig
                0x000000000800137c      0x134 ./Drivers/STM32F4xx_HAL_Driver/Src/stm32f4xx_hal_rcc.o
                0x000000000800137c                HAL_RCC_ClockConfig
 .text.HAL_RCC_GetPCLK1Freq
                0x00000000080014b0       0x20 ./Drivers/STM32F4xx_HAL_Driver/Src/stm32f4xx_hal_rcc.o
                0x00000000080014b0                HAL_RCC_GetPCLK1Freq
 .text.HAL_RCC_GetPCLK2Freq
                0x00000000080014d0       0x20 ./Drivers/STM32F4xx_HAL_Driver/Src/stm32f4xx_hal_rcc.o
                0x00000000080014d0                HAL_RCC_GetPCLK2Freq
 .text.UART_EndRxTransfer
                0x00000000080014f0       0x5c ./Drivers/STM32F4xx_HAL_Driver/Src/stm32f4xx_hal_uart.o
 .text.UART_SetConfig
                0x000000000800154c       0xbc ./Drivers/STM32F4xx_HAL_Driver/Src/stm32f4xx_hal_uart.o
 .text.HAL_UART_Init
                0x0000000008001608       0x5c ./Drivers/STM32F4xx_HAL_Driver/Src/stm32f4xx_hal_uart.o
                0x0000000008001608                HAL_UART_Init
 .text.HAL_UART_Transmit_IT
                0x0000000008001664       0x3e ./Drivers/STM32F4xx_HAL_Driver/Src/stm32f4xx_hal_uart.o
                0x0000000008001664                HAL_UART_Transmit_IT
 .text.HAL_UART_ErrorCallback
                0x00000000080016a2        0x2 ./Drivers/STM32F4xx_HAL_Driver/Src/stm32f4xx_hal_uart.o
                0x00000000080016a2                HAL_UART_ErrorCallback
 .text.UART_DMAAbortOnError
                0x00000000080016a4       0x10 ./Drivers/STM32F4xx_HAL_Driver/Src/stm32f4xx_hal_uart.o
 .text.HAL_UARTEx_RxEventCallback
                0x00000000080016b4        0x2 ./Drivers/STM32F4xx_HAL_Driver/Src/stm32f4xx_hal_uart.o
                0x00000000080016b4                HAL_UARTEx_RxEventCallback
 .text.UART_Receive_IT.isra.0
                0x00000000080016b6       0xb4 ./Drivers/STM32F4xx_HAL_Driver/Src/stm32f4xx_hal_uart.o
 *fill*         0x000000000800176a        0x2 
 .text.HAL_UART_IRQHandler
                0x000000000800176c      0x28c ./Drivers/STM32F4xx_HAL_Driver/Src/stm32f4xx_hal_uart.o
                0x000000000800176c                HAL_UART_IRQHandler
 .text.UART_Start_Receive_IT
                0x00000000080019f8       0x36 ./Drivers/STM32F4xx_HAL_Driver/Src/stm32f4xx_hal_uart.o
                0x00000000080019f8                UART_Start_Receive_IT
 .text.HAL_UART_Receive_IT
                0x0000000008001a2e       0x30 ./Drivers/STM32F4xx_HAL_Driver/Src/stm32f4xx_hal_uart.o
                0x0000000008001a2e                HAL_UART_Receive_IT
 .text.memset   0x0000000008001a5e       0x10 /home/go/.eclipse/org.eclipse.platform_4.26.0_139061331_linux_gtk_x86_64/plugins/com.st.stm32cube.ide.mcu.externaltools.gnu-tools-for-stm32.11.3.rel1.linux64_1.1.1.202309131626/tools/bin/../lib/gcc/arm-none-eabi/11.3.1/../../../../arm-none-eabi/lib/thumb/v7e-m+fp/hard/libc_nano.a(libc_a-memset.o)
                0x0000000008001a5e                memset
 *fill*         0x0000000008001a6e        0x2 
 .text.__libc_init_array
                0x0000000008001a70       0x48 /home/go/.eclipse/org.eclipse.platform_4.26.0_139061331_linux_gtk_x86_64/plugins/com.st.stm32cube.ide.mcu.externaltools.gnu-tools-for-stm32.11.3.rel1.linux64_1.1.1.202309131626/tools/bin/../lib/gcc/arm-none-eabi/11.3.1/../../../../arm-none-eabi/lib/thumb/v7e-m+fp/hard/libc_nano.a(libc_a-init.o)
                0x0000000008001a70                __libc_init_array
 *(.glue_7)
 .glue_7        0x0000000008001ab8        0x0 linker stubs
 *(.glue_7t)
 .glue_7t       0x0000000008001ab8        0x0 linker stubs
 *(.eh_frame)
 .eh_frame      0x0000000008001ab8        0x0 /home/go/.eclipse/org.eclipse.platform_4.26.0_139061331_linux_gtk_x86_64/plugins/com.st.stm32cube.ide.mcu.externaltools.gnu-tools-for-stm32.11.3.rel1.linux64_1.1.1.202309131626/tools/bin/../lib/gcc/arm-none-eabi/11.3.1/thumb/v7e-m+fp/hard/crtbegin.o
 *(.init)
 .init          0x0000000008001ab8        0x4 /home/go/.eclipse/org.eclipse.platform_4.26.0_139061331_linux_gtk_x86_64/plugins/com.st.stm32cube.ide.mcu.externaltools.gnu-tools-for-stm32.11.3.rel1.linux64_1.1.1.202309131626/tools/bin/../lib/gcc/arm-none-eabi/11.3.1/thumb/v7e-m+fp/hard/crti.o
                0x0000000008001ab8                _init
 .init          0x0000000008001abc        0x8 /home/go/.eclipse/org.eclipse.platform_4.26.0_139061331_linux_gtk_x86_64/plugins/com.st.stm32cube.ide.mcu.externaltools.gnu-tools-for-stm32.11.3.rel1.linux64_1.1.1.202309131626/tools/bin/../lib/gcc/arm-none-eabi/11.3.1/thumb/v7e-m+fp/hard/crtn.o
 *(.fini)
 .fini          0x0000000008001ac4        0x4 /home/go/.eclipse/org.eclipse.platform_4.26.0_139061331_linux_gtk_x86_64/plugins/com.st.stm32cube.ide.mcu.externaltools.gnu-tools-for-stm32.11.3.rel1.linux64_1.1.1.202309131626/tools/bin/../lib/gcc/arm-none-eabi/11.3.1/thumb/v7e-m+fp/hard/crti.o
                0x0000000008001ac4                _fini
 .fini          0x0000000008001ac8        0x8 /home/go/.eclipse/org.eclipse.platform_4.26.0_139061331_linux_gtk_x86_64/plugins/com.st.stm32cube.ide.mcu.externaltools.gnu-tools-for-stm32.11.3.rel1.linux64_1.1.1.202309131626/tools/bin/../lib/gcc/arm-none-eabi/11.3.1/thumb/v7e-m+fp/hard/crtn.o
                0x0000000008001ad0                . = ALIGN (0x4)
                0x0000000008001ad0                _etext = .

.vfp11_veneer   0x0000000008001ad0        0x0
 .vfp11_veneer  0x0000000008001ad0        0x0 linker stubs

.v4_bx          0x0000000008001ad0        0x0
 .v4_bx         0x0000000008001ad0        0x0 linker stubs

.iplt           0x0000000008001ad0        0x0
 .iplt          0x0000000008001ad0        0x0 /home/go/.eclipse/org.eclipse.platform_4.26.0_139061331_linux_gtk_x86_64/plugins/com.st.stm32cube.ide.mcu.externaltools.gnu-tools-for-stm32.11.3.rel1.linux64_1.1.1.202309131626/tools/bin/../lib/gcc/arm-none-eabi/11.3.1/thumb/v7e-m+fp/hard/crtbegin.o

.rodata         0x0000000008001ad0       0x20
                0x0000000008001ad0                . = ALIGN (0x4)
 *(.rodata)
 *(.rodata*)
 .rodata.AHBPrescTable
                0x0000000008001ad0       0x10 ./Core/Src/system_stm32f4xx.o
                0x0000000008001ad0                AHBPrescTable
 .rodata.APBPrescTable
                0x0000000008001ae0        0x8 ./Core/Src/system_stm32f4xx.o
                0x0000000008001ae0                APBPrescTable
 .rodata.flagBitshiftOffset.0
                0x0000000008001ae8        0x8 ./Drivers/STM32F4xx_HAL_Driver/Src/stm32f4xx_hal_dma.o
                0x0000000008001af0                . = ALIGN (0x4)

.ARM.extab      0x0000000008001af0        0x0
                0x0000000008001af0                . = ALIGN (0x4)
 *(.ARM.extab* .gnu.linkonce.armextab.*)
                0x0000000008001af0                . = ALIGN (0x4)

.ARM            0x0000000008001af0        0x8
                0x0000000008001af0                . = ALIGN (0x4)
                0x0000000008001af0                __exidx_start = .
 *(.ARM.exidx*)
 .ARM.exidx     0x0000000008001af0        0x8 /home/go/.eclipse/org.eclipse.platform_4.26.0_139061331_linux_gtk_x86_64/plugins/com.st.stm32cube.ide.mcu.externaltools.gnu-tools-for-stm32.11.3.rel1.linux64_1.1.1.202309131626/tools/bin/../lib/gcc/arm-none-eabi/11.3.1/thumb/v7e-m+fp/hard/libgcc.a(_udivmoddi4.o)
                0x0000000008001af8                __exidx_end = .
                0x0000000008001af8                . = ALIGN (0x4)

.rel.dyn        0x0000000008001af8        0x0
 .rel.iplt      0x0000000008001af8        0x0 /home/go/.eclipse/org.eclipse.platform_4.26.0_139061331_linux_gtk_x86_64/plugins/com.st.stm32cube.ide.mcu.externaltools.gnu-tools-for-stm32.11.3.rel1.linux64_1.1.1.202309131626/tools/bin/../lib/gcc/arm-none-eabi/11.3.1/thumb/v7e-m+fp/hard/crtbegin.o

.preinit_array  0x0000000008001af8        0x0
                0x0000000008001af8                . = ALIGN (0x4)
                0x0000000008001af8                PROVIDE (__preinit_array_start = .)
 *(.preinit_array*)
                0x0000000008001af8                PROVIDE (__preinit_array_end = .)
                0x0000000008001af8                . = ALIGN (0x4)

.init_array     0x0000000008001af8        0x4
                0x0000000008001af8                . = ALIGN (0x4)
                0x0000000008001af8                PROVIDE (__init_array_start = .)
 *(SORT_BY_NAME(.init_array.*))
 *(.init_array*)
 .init_array    0x0000000008001af8        0x4 /home/go/.eclipse/org.eclipse.platform_4.26.0_139061331_linux_gtk_x86_64/plugins/com.st.stm32cube.ide.mcu.externaltools.gnu-tools-for-stm32.11.3.rel1.linux64_1.1.1.202309131626/tools/bin/../lib/gcc/arm-none-eabi/11.3.1/thumb/v7e-m+fp/hard/crtbegin.o
                0x0000000008001afc                PROVIDE (__init_array_end = .)
                0x0000000008001afc                . = ALIGN (0x4)

.fini_array     0x0000000008001afc        0x4
                0x0000000008001afc                . = ALIGN (0x4)
                [!provide]                        PROVIDE (__fini_array_start = .)
 *(SORT_BY_NAME(.fini_array.*))
 *(.fini_array*)
 .fini_array    0x0000000008001afc        0x4 /home/go/.eclipse/org.eclipse.platform_4.26.0_139061331_linux_gtk_x86_64/plugins/com.st.stm32cube.ide.mcu.externaltools.gnu-tools-for-stm32.11.3.rel1.linux64_1.1.1.202309131626/tools/bin/../lib/gcc/arm-none-eabi/11.3.1/thumb/v7e-m+fp/hard/crtbegin.o
                [!provide]                        PROVIDE (__fini_array_end = .)
                0x0000000008001b00                . = ALIGN (0x4)
                0x0000000008001b00                _sidata = LOADADDR (.data)

.data           0x0000000020000000        0xc load address 0x0000000008001b00
                0x0000000020000000                . = ALIGN (0x4)
                0x0000000020000000                _sdata = .
 *(.data)
 *(.data*)
 .data.SystemCoreClock
                0x0000000020000000        0x4 ./Core/Src/system_stm32f4xx.o
                0x0000000020000000                SystemCoreClock
 .data.uwTickFreq
                0x0000000020000004        0x1 ./Drivers/STM32F4xx_HAL_Driver/Src/stm32f4xx_hal.o
                0x0000000020000004                uwTickFreq
 *fill*         0x0000000020000005        0x3 
 .data.uwTickPrio
                0x0000000020000008        0x4 ./Drivers/STM32F4xx_HAL_Driver/Src/stm32f4xx_hal.o
                0x0000000020000008                uwTickPrio
 *(.RamFunc)
 *(.RamFunc*)
                0x000000002000000c                . = ALIGN (0x4)
                0x000000002000000c                _edata = .
                0x0000000008001b0c                _siccmram = LOADADDR (.ccmram)

.igot.plt       0x000000002000000c        0x0 load address 0x0000000008001b0c
 .igot.plt      0x000000002000000c        0x0 /home/go/.eclipse/org.eclipse.platform_4.26.0_139061331_linux_gtk_x86_64/plugins/com.st.stm32cube.ide.mcu.externaltools.gnu-tools-for-stm32.11.3.rel1.linux64_1.1.1.202309131626/tools/bin/../lib/gcc/arm-none-eabi/11.3.1/thumb/v7e-m+fp/hard/crtbegin.o

.ccmram         0x0000000010000000        0x0 load address 0x0000000008001b0c
                0x0000000010000000                . = ALIGN (0x4)
                0x0000000010000000                _sccmram = .
 *(.ccmram)
 *(.ccmram*)
                0x0000000010000000                . = ALIGN (0x4)
                0x0000000010000000                _eccmram = .
                0x0000000010000000                . = ALIGN (0x4)

.bss            0x000000002000000c      0x30c
                0x000000002000000c                _sbss = .
                0x000000002000000c                __bss_start__ = _sbss
 *(.bss)
 .bss           0x000000002000000c       0x1c /home/go/.eclipse/org.eclipse.platform_4.26.0_139061331_linux_gtk_x86_64/plugins/com.st.stm32cube.ide.mcu.externaltools.gnu-tools-for-stm32.11.3.rel1.linux64_1.1.1.202309131626/tools/bin/../lib/gcc/arm-none-eabi/11.3.1/thumb/v7e-m+fp/hard/crtbegin.o
 *(.bss*)
 .bss.rx6RecBuf
                0x0000000020000028        0x1 ./Core/Src/main.o
                0x0000000020000028                rx6RecBuf
 .bss.rx6TempBuf
                0x0000000020000029       0xff ./Core/Src/main.o
                0x0000000020000029                rx6TempBuf
 .bss.rx6TempBufIndex
                0x0000000020000128        0x1 ./Core/Src/main.o
                0x0000000020000128                rx6TempBufIndex
 .bss.rxRecBuf  0x0000000020000129        0x1 ./Core/Src/main.o
                0x0000000020000129                rxRecBuf
 .bss.rxTempBuf
                0x000000002000012a       0xff ./Core/Src/main.o
                0x000000002000012a                rxTempBuf
 .bss.rxTempBufIndex
                0x0000000020000229        0x1 ./Core/Src/main.o
                0x0000000020000229                rxTempBufIndex
 .bss.txData    0x000000002000022a        0x1 ./Core/Src/main.o
                0x000000002000022a                txData
 *fill*         0x000000002000022b        0x1 
 .bss.hdma_usart2_rx
                0x000000002000022c       0x60 ./Core/Src/usart.o
                0x000000002000022c                hdma_usart2_rx
 .bss.huart2    0x000000002000028c       0x44 ./Core/Src/usart.o
                0x000000002000028c                huart2
 .bss.huart6    0x00000000200002d0       0x44 ./Core/Src/usart.o
                0x00000000200002d0                huart6
 .bss.uwTick    0x0000000020000314        0x4 ./Drivers/STM32F4xx_HAL_Driver/Src/stm32f4xx_hal.o
                0x0000000020000314                uwTick
 *(COMMON)
                0x0000000020000318                . = ALIGN (0x4)
                0x0000000020000318                _ebss = .
                0x0000000020000318                __bss_end__ = _ebss

._user_heap_stack
                0x0000000020000318      0x600
                0x0000000020000318                . = ALIGN (0x8)
                [!provide]                        PROVIDE (end = .)
                0x0000000020000318                PROVIDE (_end = .)
                0x0000000020000518                . = (. + _Min_Heap_Size)
 *fill*         0x0000000020000318      0x200 
                0x0000000020000918                . = (. + _Min_Stack_Size)
 *fill*         0x0000000020000518      0x400 
                0x0000000020000918                . = ALIGN (0x8)

/DISCARD/
 libc.a(*)
 libm.a(*)
 libgcc.a(*)

.ARM.attributes
                0x0000000000000000       0x30
 *(.ARM.attributes)
 .ARM.attributes
                0x0000000000000000       0x1e /home/go/.eclipse/org.eclipse.platform_4.26.0_139061331_linux_gtk_x86_64/plugins/com.st.stm32cube.ide.mcu.externaltools.gnu-tools-for-stm32.11.3.rel1.linux64_1.1.1.202309131626/tools/bin/../lib/gcc/arm-none-eabi/11.3.1/thumb/v7e-m+fp/hard/crti.o
 .ARM.attributes
                0x000000000000001e       0x34 /home/go/.eclipse/org.eclipse.platform_4.26.0_139061331_linux_gtk_x86_64/plugins/com.st.stm32cube.ide.mcu.externaltools.gnu-tools-for-stm32.11.3.rel1.linux64_1.1.1.202309131626/tools/bin/../lib/gcc/arm-none-eabi/11.3.1/thumb/v7e-m+fp/hard/crtbegin.o
 .ARM.attributes
                0x0000000000000052       0x34 ./Core/Src/dma.o
 .ARM.attributes
                0x0000000000000086       0x34 ./Core/Src/gpio.o
 .ARM.attributes
                0x00000000000000ba       0x34 ./Core/Src/main.o
 .ARM.attributes
                0x00000000000000ee       0x34 ./Core/Src/stm32f4xx_hal_msp.o
 .ARM.attributes
                0x0000000000000122       0x34 ./Core/Src/stm32f4xx_it.o
 .ARM.attributes
                0x0000000000000156       0x34 ./Core/Src/system_stm32f4xx.o
 .ARM.attributes
                0x000000000000018a       0x34 ./Core/Src/usart.o
 .ARM.attributes
                0x00000000000001be       0x21 ./Core/Startup/startup_stm32f407vgtx.o
 .ARM.attributes
                0x00000000000001df       0x34 ./Drivers/STM32F4xx_HAL_Driver/Src/stm32f4xx_hal.o
 .ARM.attributes
                0x0000000000000213       0x34 ./Drivers/STM32F4xx_HAL_Driver/Src/stm32f4xx_hal_cortex.o
 .ARM.attributes
                0x0000000000000247       0x34 ./Drivers/STM32F4xx_HAL_Driver/Src/stm32f4xx_hal_dma.o
 .ARM.attributes
                0x000000000000027b       0x34 ./Drivers/STM32F4xx_HAL_Driver/Src/stm32f4xx_hal_gpio.o
 .ARM.attributes
                0x00000000000002af       0x34 ./Drivers/STM32F4xx_HAL_Driver/Src/stm32f4xx_hal_rcc.o
 .ARM.attributes
                0x00000000000002e3       0x34 ./Drivers/STM32F4xx_HAL_Driver/Src/stm32f4xx_hal_uart.o
 .ARM.attributes
                0x0000000000000317       0x34 /home/go/.eclipse/org.eclipse.platform_4.26.0_139061331_linux_gtk_x86_64/plugins/com.st.stm32cube.ide.mcu.externaltools.gnu-tools-for-stm32.11.3.rel1.linux64_1.1.1.202309131626/tools/bin/../lib/gcc/arm-none-eabi/11.3.1/../../../../arm-none-eabi/lib/thumb/v7e-m+fp/hard/libc_nano.a(libc_a-memset.o)
 .ARM.attributes
                0x000000000000034b       0x34 /home/go/.eclipse/org.eclipse.platform_4.26.0_139061331_linux_gtk_x86_64/plugins/com.st.stm32cube.ide.mcu.externaltools.gnu-tools-for-stm32.11.3.rel1.linux64_1.1.1.202309131626/tools/bin/../lib/gcc/arm-none-eabi/11.3.1/../../../../arm-none-eabi/lib/thumb/v7e-m+fp/hard/libc_nano.a(libc_a-init.o)
 .ARM.attributes
                0x000000000000037f       0x1e /home/go/.eclipse/org.eclipse.platform_4.26.0_139061331_linux_gtk_x86_64/plugins/com.st.stm32cube.ide.mcu.externaltools.gnu-tools-for-stm32.11.3.rel1.linux64_1.1.1.202309131626/tools/bin/../lib/gcc/arm-none-eabi/11.3.1/thumb/v7e-m+fp/hard/libgcc.a(_aeabi_uldivmod.o)
 .ARM.attributes
                0x000000000000039d       0x34 /home/go/.eclipse/org.eclipse.platform_4.26.0_139061331_linux_gtk_x86_64/plugins/com.st.stm32cube.ide.mcu.externaltools.gnu-tools-for-stm32.11.3.rel1.linux64_1.1.1.202309131626/tools/bin/../lib/gcc/arm-none-eabi/11.3.1/thumb/v7e-m+fp/hard/libgcc.a(_udivmoddi4.o)
 .ARM.attributes
                0x00000000000003d1       0x1e /home/go/.eclipse/org.eclipse.platform_4.26.0_139061331_linux_gtk_x86_64/plugins/com.st.stm32cube.ide.mcu.externaltools.gnu-tools-for-stm32.11.3.rel1.linux64_1.1.1.202309131626/tools/bin/../lib/gcc/arm-none-eabi/11.3.1/thumb/v7e-m+fp/hard/libgcc.a(_dvmd_tls.o)
 .ARM.attributes
                0x00000000000003ef       0x1e /home/go/.eclipse/org.eclipse.platform_4.26.0_139061331_linux_gtk_x86_64/plugins/com.st.stm32cube.ide.mcu.externaltools.gnu-tools-for-stm32.11.3.rel1.linux64_1.1.1.202309131626/tools/bin/../lib/gcc/arm-none-eabi/11.3.1/thumb/v7e-m+fp/hard/crtn.o
OUTPUT(UART_Comm.elf elf32-littlearm)
LOAD linker stubs
LOAD /home/go/.eclipse/org.eclipse.platform_4.26.0_139061331_linux_gtk_x86_64/plugins/com.st.stm32cube.ide.mcu.externaltools.gnu-tools-for-stm32.11.3.rel1.linux64_1.1.1.202309131626/tools/bin/../lib/gcc/arm-none-eabi/11.3.1/../../../../arm-none-eabi/lib/thumb/v7e-m+fp/hard/libc.a
LOAD /home/go/.eclipse/org.eclipse.platform_4.26.0_139061331_linux_gtk_x86_64/plugins/com.st.stm32cube.ide.mcu.externaltools.gnu-tools-for-stm32.11.3.rel1.linux64_1.1.1.202309131626/tools/bin/../lib/gcc/arm-none-eabi/11.3.1/../../../../arm-none-eabi/lib/thumb/v7e-m+fp/hard/libm.a
LOAD /home/go/.eclipse/org.eclipse.platform_4.26.0_139061331_linux_gtk_x86_64/plugins/com.st.stm32cube.ide.mcu.externaltools.gnu-tools-for-stm32.11.3.rel1.linux64_1.1.1.202309131626/tools/bin/../lib/gcc/arm-none-eabi/11.3.1/thumb/v7e-m+fp/hard/libgcc.a

.comment        0x0000000000000000       0x43
 .comment       0x0000000000000000       0x43 /home/go/.eclipse/org.eclipse.platform_4.26.0_139061331_linux_gtk_x86_64/plugins/com.st.stm32cube.ide.mcu.externaltools.gnu-tools-for-stm32.11.3.rel1.linux64_1.1.1.202309131626/tools/bin/../lib/gcc/arm-none-eabi/11.3.1/thumb/v7e-m+fp/hard/crtbegin.o
                                         0x44 (size before relaxing)
 .comment       0x0000000000000043       0x44 ./Core/Src/dma.o
 .comment       0x0000000000000043       0x44 ./Core/Src/gpio.o
 .comment       0x0000000000000043       0x44 ./Core/Src/main.o
 .comment       0x0000000000000043       0x44 ./Core/Src/stm32f4xx_hal_msp.o
 .comment       0x0000000000000043       0x44 ./Core/Src/stm32f4xx_it.o
 .comment       0x0000000000000043       0x44 ./Core/Src/system_stm32f4xx.o
 .comment       0x0000000000000043       0x44 ./Core/Src/usart.o
 .comment       0x0000000000000043       0x44 ./Drivers/STM32F4xx_HAL_Driver/Src/stm32f4xx_hal.o
 .comment       0x0000000000000043       0x44 ./Drivers/STM32F4xx_HAL_Driver/Src/stm32f4xx_hal_cortex.o
 .comment       0x0000000000000043       0x44 ./Drivers/STM32F4xx_HAL_Driver/Src/stm32f4xx_hal_dma.o
 .comment       0x0000000000000043       0x44 ./Drivers/STM32F4xx_HAL_Driver/Src/stm32f4xx_hal_gpio.o
 .comment       0x0000000000000043       0x44 ./Drivers/STM32F4xx_HAL_Driver/Src/stm32f4xx_hal_rcc.o
 .comment       0x0000000000000043       0x44 ./Drivers/STM32F4xx_HAL_Driver/Src/stm32f4xx_hal_uart.o

.debug_frame    0x0000000000000000       0xac
 .debug_frame   0x0000000000000000       0x20 /home/go/.eclipse/org.eclipse.platform_4.26.0_139061331_linux_gtk_x86_64/plugins/com.st.stm32cube.ide.mcu.externaltools.gnu-tools-for-stm32.11.3.rel1.linux64_1.1.1.202309131626/tools/bin/../lib/gcc/arm-none-eabi/11.3.1/../../../../arm-none-eabi/lib/thumb/v7e-m+fp/hard/libc_nano.a(libc_a-memset.o)
 .debug_frame   0x0000000000000020       0x2c /home/go/.eclipse/org.eclipse.platform_4.26.0_139061331_linux_gtk_x86_64/plugins/com.st.stm32cube.ide.mcu.externaltools.gnu-tools-for-stm32.11.3.rel1.linux64_1.1.1.202309131626/tools/bin/../lib/gcc/arm-none-eabi/11.3.1/../../../../arm-none-eabi/lib/thumb/v7e-m+fp/hard/libc_nano.a(libc_a-init.o)
 .debug_frame   0x000000000000004c       0x2c /home/go/.eclipse/org.eclipse.platform_4.26.0_139061331_linux_gtk_x86_64/plugins/com.st.stm32cube.ide.mcu.externaltools.gnu-tools-for-stm32.11.3.rel1.linux64_1.1.1.202309131626/tools/bin/../lib/gcc/arm-none-eabi/11.3.1/thumb/v7e-m+fp/hard/libgcc.a(_aeabi_uldivmod.o)
 .debug_frame   0x0000000000000078       0x34 /home/go/.eclipse/org.eclipse.platform_4.26.0_139061331_linux_gtk_x86_64/plugins/com.st.stm32cube.ide.mcu.externaltools.gnu-tools-for-stm32.11.3.rel1.linux64_1.1.1.202309131626/tools/bin/../lib/gcc/arm-none-eabi/11.3.1/thumb/v7e-m+fp/hard/libgcc.a(_udivmoddi4.o)
